[94m╭──[m [1m​ᓚᕠᗢ NattyUI[22m [3;32mPrint Lists[m [94m──╶╴╴[m[m
[94m│[m [m
[94m│[m [94m╴╶╴╶─═══[m Traditional Display [94m═══─╶╴╶╴[m[m
[94m│[m  1 Lorem ipsum dolor sit amet,      2 consectetur adipisicing elit,   [m
[94m│[m  3 sed do eiusmod tempor            4 incididunt ut labore et         [m
[94m│[m  5 dolore [31mmagna[m aliqua.             6 Ut enim ad minim veniam, quis   [m
[94m│[m  7 nostrud exercitation ullamco     8 laboris nisi ut aliquip ex      [m
[94m│[m  9 ea commodo [1mconsequat[22m.           10 Duis aute irure [1;32mdolor[39m in[m        [m
[94m│[m 11 reprehenderit in voluptate      12 velit [4messe cillum[m dolore eu     [m
[94m│[m 13 fugiat nulla pariatur.          14 Excepteur sint occaecat         [m
[94m│[m 15 cupidatat non proident,         16 sunt in culpa qui officia       [m
[94m│[m 17 deserunt mollit anim id         18 est laborum.                    [m
[94m│[m [m
[94m│[m [94m╴╶╴╶─═══[m Compact Display [94m═══─╶╴╶╴[m[m
[94m│[m  1 Lorem ipsum dolor sit amet,     10 Duis aute irure [1;32mdolor[39m in[m   [m
[94m│[m  2 consectetur adipisicing elit,   11 reprehenderit in voluptate [m
[94m│[m  3 sed do eiusmod tempor           12 velit [4messe cillum[m dolore eu[m
[94m│[m  4 incididunt ut labore et         13 fugiat nulla pariatur.     [m
[94m│[m  5 dolore [31mmagna[m aliqua.            14 Excepteur sint occaecat    [m
[94m│[m  6 Ut enim ad minim veniam, quis   15 cupidatat non proident,    [m
[94m│[m  7 nostrud exercitation ullamco    16 sunt in culpa qui officia  [m
[94m│[m  8 laboris nisi ut aliquip ex      17 deserunt mollit anim id    [m
[94m│[m  9 ea commodo [1mconsequat[22m.           18 est laborum.               [m
[94m╰────╶╴╴[m[m
